MPLINK 5.08, LINKER
Linker Map File - Created Sun Oct 14 21:19:26 2018

                                 Section Info
                  Section       Type    Address   Location Size(Bytes)
                ---------  ---------  ---------  ---------  ---------
                   .org_0       code   0x000000    program   0x0001ac
                   .cinit    romdata   0x0000d6    program   0x000004
.config_2007_BUILD/DEFAULT/PRODUCTION/MAIN.O       code   0x002007    program   0x000002
.config_2008_BUILD/DEFAULT/PRODUCTION/MAIN.O       code   0x002008    program   0x000002



                              Program Memory Usage 
                               Start         End      
                           ---------   ---------      
                            0x000000    0x0000d7      
                            0x002007    0x002008      
            218 out of 8455 program addresses used, program memory utilization is 2%



                              Symbols - Sorted by Name
                     Name    Address   Location    Storage File                     
                ---------  ---------  ---------  --------- ---------                
              CHECK_COL_1   0x0000bb    program     static C:\Users\Diango\MPLABXProjects\MatricialDemo.X\main.asm
              CHECK_COL_2   0x0000be    program     static C:\Users\Diango\MPLABXProjects\MatricialDemo.X\main.asm
              CHECK_COL_3   0x0000c1    program     static C:\Users\Diango\MPLABXProjects\MatricialDemo.X\main.asm
              CHECK_COL_4   0x0000c4    program     static C:\Users\Diango\MPLABXProjects\MatricialDemo.X\main.asm
              CHECK_COL_5   0x0000c7    program     static C:\Users\Diango\MPLABXProjects\MatricialDemo.X\main.asm
                CHECK_ROW   0x0000ba    program     static C:\Users\Diango\MPLABXProjects\MatricialDemo.X\main.asm
                    CLEAR   0x00008d    program     static C:\Users\Diango\MPLABXProjects\MatricialDemo.X\main.asm
              CONVERT_HEX   0x000001    program     static C:\Users\Diango\MPLABXProjects\MatricialDemo.X\main.asm
                  END_COL   0x0000ca    program     static C:\Users\Diango\MPLABXProjects\MatricialDemo.X\main.asm
          END_CONVERT_HEX   0x00001b    program     static C:\Users\Diango\MPLABXProjects\MatricialDemo.X\main.asm
         END_RESPUESTAS_1   0x000035    program     static C:\Users\Diango\MPLABXProjects\MatricialDemo.X\main.asm
                   INICIO   0x000041    program     static C:\Users\Diango\MPLABXProjects\MatricialDemo.X\main.asm
             KEYBOARD_END   0x0000d5    program     static C:\Users\Diango\MPLABXProjects\MatricialDemo.X\main.asm
                     LOOP   0x000051    program     static C:\Users\Diango\MPLABXProjects\MatricialDemo.X\main.asm
                    LOOP2   0x00005d    program     static C:\Users\Diango\MPLABXProjects\MatricialDemo.X\main.asm
                    LOOP3   0x000069    program     static C:\Users\Diango\MPLABXProjects\MatricialDemo.X\main.asm
                    LOOP4   0x000075    program     static C:\Users\Diango\MPLABXProjects\MatricialDemo.X\main.asm
                    LOOP5   0x000081    program     static C:\Users\Diango\MPLABXProjects\MatricialDemo.X\main.asm
                 READ_HEX   0x00009a    program     static C:\Users\Diango\MPLABXProjects\MatricialDemo.X\main.asm
             READ_HEX_END   0x00009f    program     static C:\Users\Diango\MPLABXProjects\MatricialDemo.X\main.asm
             RESPUESTAS_1   0x00001b    program     static C:\Users\Diango\MPLABXProjects\MatricialDemo.X\main.asm
             RETARDO_20MS   0x000035    program     static C:\Users\Diango\MPLABXProjects\MatricialDemo.X\main.asm
               SAVE_VALUE   0x0000d3    program     static C:\Users\Diango\MPLABXProjects\MatricialDemo.X\main.asm
           TECLA_NO_PULSE   0x0000d1    program     static C:\Users\Diango\MPLABXProjects\MatricialDemo.X\main.asm
        TecladoInicializa   0x0000a0    program     static C:\Users\Diango\MPLABXProjects\MatricialDemo.X\main.asm
 Teclado_EsperaDejePulsar   0x0000ab    program     static C:\Users\Diango\MPLABXProjects\MatricialDemo.X\main.asm
    Teclado_LeeOrdenTecla   0x0000b6    program     static C:\Users\Diango\MPLABXProjects\MatricialDemo.X\main.asm
   Teclado_SigueEsperando   0x0000af    program     static C:\Users\Diango\MPLABXProjects\MatricialDemo.X\main.asm
          VALIDATE_ANSWER   0x00008f    program     static C:\Users\Diango\MPLABXProjects\MatricialDemo.X\main.asm
             _.org_0_003D   0x00003d    program     static C:\Users\Diango\MPLABXProjects\MatricialDemo.X\main.asm
             _.org_0_003F   0x00003f    program     static C:\Users\Diango\MPLABXProjects\MatricialDemo.X\main.asm



                              Symbols - Sorted by Address
                     Name    Address   Location    Storage File                     
                ---------  ---------  ---------  --------- ---------                
              CONVERT_HEX   0x000001    program     static C:\Users\Diango\MPLABXProjects\MatricialDemo.X\main.asm
             RESPUESTAS_1   0x00001b    program     static C:\Users\Diango\MPLABXProjects\MatricialDemo.X\main.asm
          END_CONVERT_HEX   0x00001b    program     static C:\Users\Diango\MPLABXProjects\MatricialDemo.X\main.asm
             RETARDO_20MS   0x000035    program     static C:\Users\Diango\MPLABXProjects\MatricialDemo.X\main.asm
         END_RESPUESTAS_1   0x000035    program     static C:\Users\Diango\MPLABXProjects\MatricialDemo.X\main.asm
             _.org_0_003D   0x00003d    program     static C:\Users\Diango\MPLABXProjects\MatricialDemo.X\main.asm
             _.org_0_003F   0x00003f    program     static C:\Users\Diango\MPLABXProjects\MatricialDemo.X\main.asm
                   INICIO   0x000041    program     static C:\Users\Diango\MPLABXProjects\MatricialDemo.X\main.asm
                     LOOP   0x000051    program     static C:\Users\Diango\MPLABXProjects\MatricialDemo.X\main.asm
                    LOOP2   0x00005d    program     static C:\Users\Diango\MPLABXProjects\MatricialDemo.X\main.asm
                    LOOP3   0x000069    program     static C:\Users\Diango\MPLABXProjects\MatricialDemo.X\main.asm
                    LOOP4   0x000075    program     static C:\Users\Diango\MPLABXProjects\MatricialDemo.X\main.asm
                    LOOP5   0x000081    program     static C:\Users\Diango\MPLABXProjects\MatricialDemo.X\main.asm
                    CLEAR   0x00008d    program     static C:\Users\Diango\MPLABXProjects\MatricialDemo.X\main.asm
          VALIDATE_ANSWER   0x00008f    program     static C:\Users\Diango\MPLABXProjects\MatricialDemo.X\main.asm
                 READ_HEX   0x00009a    program     static C:\Users\Diango\MPLABXProjects\MatricialDemo.X\main.asm
             READ_HEX_END   0x00009f    program     static C:\Users\Diango\MPLABXProjects\MatricialDemo.X\main.asm
        TecladoInicializa   0x0000a0    program     static C:\Users\Diango\MPLABXProjects\MatricialDemo.X\main.asm
 Teclado_EsperaDejePulsar   0x0000ab    program     static C:\Users\Diango\MPLABXProjects\MatricialDemo.X\main.asm
   Teclado_SigueEsperando   0x0000af    program     static C:\Users\Diango\MPLABXProjects\MatricialDemo.X\main.asm
    Teclado_LeeOrdenTecla   0x0000b6    program     static C:\Users\Diango\MPLABXProjects\MatricialDemo.X\main.asm
                CHECK_ROW   0x0000ba    program     static C:\Users\Diango\MPLABXProjects\MatricialDemo.X\main.asm
              CHECK_COL_1   0x0000bb    program     static C:\Users\Diango\MPLABXProjects\MatricialDemo.X\main.asm
              CHECK_COL_2   0x0000be    program     static C:\Users\Diango\MPLABXProjects\MatricialDemo.X\main.asm
              CHECK_COL_3   0x0000c1    program     static C:\Users\Diango\MPLABXProjects\MatricialDemo.X\main.asm
              CHECK_COL_4   0x0000c4    program     static C:\Users\Diango\MPLABXProjects\MatricialDemo.X\main.asm
              CHECK_COL_5   0x0000c7    program     static C:\Users\Diango\MPLABXProjects\MatricialDemo.X\main.asm
                  END_COL   0x0000ca    program     static C:\Users\Diango\MPLABXProjects\MatricialDemo.X\main.asm
           TECLA_NO_PULSE   0x0000d1    program     static C:\Users\Diango\MPLABXProjects\MatricialDemo.X\main.asm
               SAVE_VALUE   0x0000d3    program     static C:\Users\Diango\MPLABXProjects\MatricialDemo.X\main.asm
             KEYBOARD_END   0x0000d5    program     static C:\Users\Diango\MPLABXProjects\MatricialDemo.X\main.asm


