MPLINK 5.08, LINKER
Linker Map File - Created Sun Oct 14 16:30:30 2018

                                 Section Info
                  Section       Type    Address   Location Size(Bytes)
                ---------  ---------  ---------  ---------  ---------
                   .org_0       code   0x000000    program   0x0000e0
                   .cinit    romdata   0x000070    program   0x000004
.config_2007_BUILD/DEFAULT/PRODUCTION/MAIN.O       code   0x002007    program   0x000002
.config_2008_BUILD/DEFAULT/PRODUCTION/MAIN.O       code   0x002008    program   0x000002



                              Program Memory Usage 
                               Start         End      
                           ---------   ---------      
                            0x000000    0x000071      
                            0x002007    0x002008      
            116 out of 8455 program addresses used, program memory utilization is 1%



                              Symbols - Sorted by Name
                     Name    Address   Location    Storage File                     
                ---------  ---------  ---------  --------- ---------                
              CHECK_COL_1   0x000055    program     static C:\Users\Diango\MPLABXProjects\MatricialDemo.X\main.asm
              CHECK_COL_2   0x000058    program     static C:\Users\Diango\MPLABXProjects\MatricialDemo.X\main.asm
              CHECK_COL_3   0x00005b    program     static C:\Users\Diango\MPLABXProjects\MatricialDemo.X\main.asm
              CHECK_COL_4   0x00005e    program     static C:\Users\Diango\MPLABXProjects\MatricialDemo.X\main.asm
              CHECK_COL_5   0x000061    program     static C:\Users\Diango\MPLABXProjects\MatricialDemo.X\main.asm
                CHECK_ROW   0x000054    program     static C:\Users\Diango\MPLABXProjects\MatricialDemo.X\main.asm
              CONVERT_HEX   0x000001    program     static C:\Users\Diango\MPLABXProjects\MatricialDemo.X\main.asm
                  END_COL   0x000064    program     static C:\Users\Diango\MPLABXProjects\MatricialDemo.X\main.asm
          END_CONVERT_HEX   0x000014    program     static C:\Users\Diango\MPLABXProjects\MatricialDemo.X\main.asm
                   INICIO   0x000020    program     static C:\Users\Diango\MPLABXProjects\MatricialDemo.X\main.asm
             KEYBOARD_END   0x00006f    program     static C:\Users\Diango\MPLABXProjects\MatricialDemo.X\main.asm
                     LOOP   0x00002f    program     static C:\Users\Diango\MPLABXProjects\MatricialDemo.X\main.asm
                 READ_HEX   0x000035    program     static C:\Users\Diango\MPLABXProjects\MatricialDemo.X\main.asm
             READ_HEX_END   0x00003a    program     static C:\Users\Diango\MPLABXProjects\MatricialDemo.X\main.asm
             RETARDO_20MS   0x000014    program     static C:\Users\Diango\MPLABXProjects\MatricialDemo.X\main.asm
               SAVE_VALUE   0x00006d    program     static C:\Users\Diango\MPLABXProjects\MatricialDemo.X\main.asm
           TECLA_NO_PULSE   0x00006b    program     static C:\Users\Diango\MPLABXProjects\MatricialDemo.X\main.asm
        TecladoInicializa   0x00003b    program     static C:\Users\Diango\MPLABXProjects\MatricialDemo.X\main.asm
 Teclado_EsperaDejePulsar   0x000046    program     static C:\Users\Diango\MPLABXProjects\MatricialDemo.X\main.asm
    Teclado_LeeOrdenTecla   0x000050    program     static C:\Users\Diango\MPLABXProjects\MatricialDemo.X\main.asm
   Teclado_SigueEsperando   0x00004a    program     static C:\Users\Diango\MPLABXProjects\MatricialDemo.X\main.asm
             _.org_0_001C   0x00001c    program     static C:\Users\Diango\MPLABXProjects\MatricialDemo.X\main.asm
             _.org_0_001E   0x00001e    program     static C:\Users\Diango\MPLABXProjects\MatricialDemo.X\main.asm



                              Symbols - Sorted by Address
                     Name    Address   Location    Storage File                     
                ---------  ---------  ---------  --------- ---------                
              CONVERT_HEX   0x000001    program     static C:\Users\Diango\MPLABXProjects\MatricialDemo.X\main.asm
             RETARDO_20MS   0x000014    program     static C:\Users\Diango\MPLABXProjects\MatricialDemo.X\main.asm
          END_CONVERT_HEX   0x000014    program     static C:\Users\Diango\MPLABXProjects\MatricialDemo.X\main.asm
             _.org_0_001C   0x00001c    program     static C:\Users\Diango\MPLABXProjects\MatricialDemo.X\main.asm
             _.org_0_001E   0x00001e    program     static C:\Users\Diango\MPLABXProjects\MatricialDemo.X\main.asm
                   INICIO   0x000020    program     static C:\Users\Diango\MPLABXProjects\MatricialDemo.X\main.asm
                     LOOP   0x00002f    program     static C:\Users\Diango\MPLABXProjects\MatricialDemo.X\main.asm
                 READ_HEX   0x000035    program     static C:\Users\Diango\MPLABXProjects\MatricialDemo.X\main.asm
             READ_HEX_END   0x00003a    program     static C:\Users\Diango\MPLABXProjects\MatricialDemo.X\main.asm
        TecladoInicializa   0x00003b    program     static C:\Users\Diango\MPLABXProjects\MatricialDemo.X\main.asm
 Teclado_EsperaDejePulsar   0x000046    program     static C:\Users\Diango\MPLABXProjects\MatricialDemo.X\main.asm
   Teclado_SigueEsperando   0x00004a    program     static C:\Users\Diango\MPLABXProjects\MatricialDemo.X\main.asm
    Teclado_LeeOrdenTecla   0x000050    program     static C:\Users\Diango\MPLABXProjects\MatricialDemo.X\main.asm
                CHECK_ROW   0x000054    program     static C:\Users\Diango\MPLABXProjects\MatricialDemo.X\main.asm
              CHECK_COL_1   0x000055    program     static C:\Users\Diango\MPLABXProjects\MatricialDemo.X\main.asm
              CHECK_COL_2   0x000058    program     static C:\Users\Diango\MPLABXProjects\MatricialDemo.X\main.asm
              CHECK_COL_3   0x00005b    program     static C:\Users\Diango\MPLABXProjects\MatricialDemo.X\main.asm
              CHECK_COL_4   0x00005e    program     static C:\Users\Diango\MPLABXProjects\MatricialDemo.X\main.asm
              CHECK_COL_5   0x000061    program     static C:\Users\Diango\MPLABXProjects\MatricialDemo.X\main.asm
                  END_COL   0x000064    program     static C:\Users\Diango\MPLABXProjects\MatricialDemo.X\main.asm
           TECLA_NO_PULSE   0x00006b    program     static C:\Users\Diango\MPLABXProjects\MatricialDemo.X\main.asm
               SAVE_VALUE   0x00006d    program     static C:\Users\Diango\MPLABXProjects\MatricialDemo.X\main.asm
             KEYBOARD_END   0x00006f    program     static C:\Users\Diango\MPLABXProjects\MatricialDemo.X\main.asm


